// Jest Snapshot v1, https://goo.gl/fbAQLP

exports[`The page is rendered Test so that everything renders properly 1`] = `
<div
  class="myMeetupList"
>
  <p>
    0 Meetups
  </p>
   
</div>
`;
