// Jest Snapshot v1, https://goo.gl/fbAQLP

exports[`The page is rendered Test so that everything renders properly 1`] = `
<div
  class="meetups"
>
  <h1>
    Upcoming Meetups
  </h1>
   
  <meetuplist-stub />
</div>
`;
