// Jest Snapshot v1, https://goo.gl/fbAQLP

exports[`The page is rendered Test so that everything renders properly 1`] = `
<div
  class="footer"
>
  <footer>
    <p>
      Â© 2020 Copyright: bl-meetup.herokuapp.com
    </p>
  </footer>
</div>
`;
